--------------------------------------------------------------------------------
Release 14.7 Trace  (nt64)
Copyright (c) 1995-2013 Xilinx, Inc.  All rights reserved.

C:\Xilinx\14.7\ISE_DS\ISE\bin\nt64\unwrapped\trce.exe -intstyle ise -v 3 -s 3
-n 3 -fastpaths -xml main.twx main.ncd -o main.twr main.pcf -ucf main.ucf

Design file:              main.ncd
Physical constraint file: main.pcf
Device,package,speed:     xc6slx9,tqg144,C,-3 (PRODUCTION 1.23 2013-10-13)
Report level:             verbose report

Environment Variable      Effect 
--------------------      ------ 
NONE                      No environment variables were set
--------------------------------------------------------------------------------

INFO:Timing:2698 - No timing constraints found, doing default enumeration.
INFO:Timing:3412 - To improve timing, see the Timing Closure User Guide (UG612).
INFO:Timing:2752 - To get complete path coverage, use the unconstrained paths 
   option. All paths that are not constrained will be reported in the 
   unconstrained paths section(s) of the report.
INFO:Timing:3339 - The clock-to-out numbers in this timing report are based on 
   a 50 Ohm transmission line loading model.  For the details of this model, 
   and for more information on accounting for different loading conditions, 
   please see the device datasheet.



Data Sheet report:
-----------------
All values displayed in nanoseconds (ns)

Setup/Hold to clock ESP_CLK_P7
------------+------------+------------+------------+------------+------------------+--------+
            |Max Setup to|  Process   |Max Hold to |  Process   |                  | Clock  |
Source      | clk (edge) |   Corner   | clk (edge) |   Corner   |Internal Clock(s) | Phase  |
------------+------------+------------+------------+------------+------------------+--------+
ESP_IN_P5   |   -0.690(R)|      FAST  |    1.906(R)|      SLOW  |ESP_CLK_P7_BUFGP  |   0.000|
------------+------------+------------+------------+------------+------------------+--------+

Setup/Hold to clock ESP_CLK_P8
------------+------------+------------+------------+------------+------------------+--------+
            |Max Setup to|  Process   |Max Hold to |  Process   |                  | Clock  |
Source      | clk (edge) |   Corner   | clk (edge) |   Corner   |Internal Clock(s) | Phase  |
------------+------------+------------+------------+------------+------------------+--------+
ESP_IN_P6   |    0.035(R)|      FAST  |    1.116(R)|      SLOW  |ESP_CLK_P8_BUFGP  |   0.000|
------------+------------+------------+------------+------------+------------------+--------+

Setup/Hold to clock ESP_CLK_P11
------------+------------+------------+------------+------------+------------------+--------+
            |Max Setup to|  Process   |Max Hold to |  Process   |                  | Clock  |
Source      | clk (edge) |   Corner   | clk (edge) |   Corner   |Internal Clock(s) | Phase  |
------------+------------+------------+------------+------------+------------------+--------+
ESP_IN_P9   |   -0.536(R)|      FAST  |    1.917(R)|      SLOW  |ESP_CLK_P11_BUFGP |   0.000|
------------+------------+------------+------------+------------+------------------+--------+

Setup/Hold to clock ESP_CLK_P16
------------+------------+------------+------------+------------+------------------+--------+
            |Max Setup to|  Process   |Max Hold to |  Process   |                  | Clock  |
Source      | clk (edge) |   Corner   | clk (edge) |   Corner   |Internal Clock(s) | Phase  |
------------+------------+------------+------------+------------+------------------+--------+
ESP_IN_P14  |    1.127(R)|      SLOW  |   -0.209(R)|      SLOW  |ESP_CLK_P16_BUFGP |   0.000|
------------+------------+------------+------------+------------+------------------+--------+

Setup/Hold to clock ESP_CLK_P23
------------+------------+------------+------------+------------+------------------+--------+
            |Max Setup to|  Process   |Max Hold to |  Process   |                  | Clock  |
Source      | clk (edge) |   Corner   | clk (edge) |   Corner   |Internal Clock(s) | Phase  |
------------+------------+------------+------------+------------+------------------+--------+
ESP_IN_P21  |    1.061(R)|      SLOW  |   -0.157(R)|      SLOW  |ESP_CLK_P23_BUFGP |   0.000|
------------+------------+------------+------------+------------+------------------+--------+

Clock CLK_P123 to Pad
------------+-----------------+------------+-----------------+------------+------------------+--------+
            |Max (slowest) clk|  Process   |Min (fastest) clk|  Process   |                  | Clock  |
Destination |  (edge) to PAD  |   Corner   |  (edge) to PAD  |   Corner   |Internal Clock(s) | Phase  |
------------+-----------------+------------+-----------------+------------+------------------+--------+
LED0_P67    |        16.711(R)|      SLOW  |         7.253(R)|      FAST  |CLK_P123_BUFGP    |   0.000|
LED1_P74    |        16.619(R)|      SLOW  |         7.198(R)|      FAST  |CLK_P123_BUFGP    |   0.000|
LED2_P75    |        15.562(R)|      SLOW  |         6.927(R)|      FAST  |CLK_P123_BUFGP    |   0.000|
LED3_P78    |        15.198(R)|      SLOW  |         6.403(R)|      FAST  |CLK_P123_BUFGP    |   0.000|
LED4_P79    |        15.307(R)|      SLOW  |         6.276(R)|      FAST  |CLK_P123_BUFGP    |   0.000|
LED5_P80    |        15.716(R)|      SLOW  |         6.140(R)|      FAST  |CLK_P123_BUFGP    |   0.000|
LED6_P81    |        15.698(R)|      SLOW  |         6.363(R)|      FAST  |CLK_P123_BUFGP    |   0.000|
LED7_P82    |        15.271(R)|      SLOW  |         7.370(R)|      FAST  |CLK_P123_BUFGP    |   0.000|
PWM_Servo0  |        12.897(R)|      SLOW  |         6.698(R)|      FAST  |CLK_P123_BUFGP    |   0.000|
PWM_Servo1  |        11.860(R)|      SLOW  |         5.665(R)|      FAST  |CLK_P123_BUFGP    |   0.000|
PWM_Servo2  |        12.880(R)|      SLOW  |         6.851(R)|      FAST  |CLK_P123_BUFGP    |   0.000|
PWM_Servo3  |        12.811(R)|      SLOW  |         6.870(R)|      FAST  |CLK_P123_BUFGP    |   0.000|
PWM_Servo4  |        12.809(R)|      SLOW  |         6.541(R)|      FAST  |CLK_P123_BUFGP    |   0.000|
------------+-----------------+------------+-----------------+------------+------------------+--------+

Clock SEL_P45 to Pad
------------+-----------------+------------+-----------------+------------+------------------+--------+
            |Max (slowest) clk|  Process   |Min (fastest) clk|  Process   |                  | Clock  |
Destination |  (edge) to PAD  |   Corner   |  (edge) to PAD  |   Corner   |Internal Clock(s) | Phase  |
------------+-----------------+------------+-----------------+------------+------------------+--------+
LED0_P67    |        20.722(R)|      SLOW  |         7.609(R)|      FAST  |SEL_P45_BUFGP     |   0.000|
LED1_P74    |        20.524(R)|      SLOW  |         7.574(R)|      FAST  |SEL_P45_BUFGP     |   0.000|
LED2_P75    |        19.978(R)|      SLOW  |         7.689(R)|      FAST  |SEL_P45_BUFGP     |   0.000|
LED3_P78    |        19.353(R)|      SLOW  |         7.364(R)|      FAST  |SEL_P45_BUFGP     |   0.000|
LED4_P79    |        18.608(R)|      SLOW  |         7.503(R)|      FAST  |SEL_P45_BUFGP     |   0.000|
LED5_P80    |        18.871(R)|      SLOW  |         7.533(R)|      FAST  |SEL_P45_BUFGP     |   0.000|
LED6_P81    |        18.853(R)|      SLOW  |         8.046(R)|      FAST  |SEL_P45_BUFGP     |   0.000|
LED7_P82    |        18.426(R)|      SLOW  |         9.345(R)|      FAST  |SEL_P45_BUFGP     |   0.000|
SEG<0>      |        13.037(R)|      SLOW  |         6.803(R)|      FAST  |SEL_P45_BUFGP     |   0.000|
SEG<1>      |        13.096(R)|      SLOW  |         6.646(R)|      FAST  |SEL_P45_BUFGP     |   0.000|
SEG<2>      |        13.055(R)|      SLOW  |         6.549(R)|      FAST  |SEL_P45_BUFGP     |   0.000|
SEG<3>      |        12.613(R)|      SLOW  |         6.421(R)|      FAST  |SEL_P45_BUFGP     |   0.000|
SEG<4>      |        12.980(R)|      SLOW  |         6.496(R)|      FAST  |SEL_P45_BUFGP     |   0.000|
SEG<5>      |        13.351(R)|      SLOW  |         6.775(R)|      FAST  |SEL_P45_BUFGP     |   0.000|
SEG<6>      |        13.246(R)|      SLOW  |         6.649(R)|      FAST  |SEL_P45_BUFGP     |   0.000|
------------+-----------------+------------+-----------------+------------+------------------+--------+

Clock to Setup on destination clock CLK_P123
---------------+---------+---------+---------+---------+
               | Src:Rise| Src:Fall| Src:Rise| Src:Fall|
Source Clock   |Dest:Rise|Dest:Rise|Dest:Fall|Dest:Fall|
---------------+---------+---------+---------+---------+
CLK_P123       |    1.704|         |         |         |
SW_DOWN_P48    |    9.890|         |         |         |
SW_UP_P47      |    9.890|         |         |         |
---------------+---------+---------+---------+---------+

Clock to Setup on destination clock ESP_CLK_P7
---------------+---------+---------+---------+---------+
               | Src:Rise| Src:Fall| Src:Rise| Src:Fall|
Source Clock   |Dest:Rise|Dest:Rise|Dest:Fall|Dest:Fall|
---------------+---------+---------+---------+---------+
ESP_CLK_P7     |    1.575|         |         |         |
---------------+---------+---------+---------+---------+

Clock to Setup on destination clock ESP_CLK_P8
---------------+---------+---------+---------+---------+
               | Src:Rise| Src:Fall| Src:Rise| Src:Fall|
Source Clock   |Dest:Rise|Dest:Rise|Dest:Fall|Dest:Fall|
---------------+---------+---------+---------+---------+
ESP_CLK_P8     |    1.775|         |         |         |
---------------+---------+---------+---------+---------+

Clock to Setup on destination clock ESP_CLK_P11
---------------+---------+---------+---------+---------+
               | Src:Rise| Src:Fall| Src:Rise| Src:Fall|
Source Clock   |Dest:Rise|Dest:Rise|Dest:Fall|Dest:Fall|
---------------+---------+---------+---------+---------+
ESP_CLK_P11    |    1.588|         |         |         |
---------------+---------+---------+---------+---------+

Clock to Setup on destination clock ESP_CLK_P16
---------------+---------+---------+---------+---------+
               | Src:Rise| Src:Fall| Src:Rise| Src:Fall|
Source Clock   |Dest:Rise|Dest:Rise|Dest:Fall|Dest:Fall|
---------------+---------+---------+---------+---------+
ESP_CLK_P16    |    1.884|         |         |         |
---------------+---------+---------+---------+---------+

Clock to Setup on destination clock ESP_CLK_P23
---------------+---------+---------+---------+---------+
               | Src:Rise| Src:Fall| Src:Rise| Src:Fall|
Source Clock   |Dest:Rise|Dest:Rise|Dest:Fall|Dest:Fall|
---------------+---------+---------+---------+---------+
ESP_CLK_P23    |    1.861|         |         |         |
---------------+---------+---------+---------+---------+

Clock to Setup on destination clock SEL_P45
---------------+---------+---------+---------+---------+
               | Src:Rise| Src:Fall| Src:Rise| Src:Fall|
Source Clock   |Dest:Rise|Dest:Rise|Dest:Fall|Dest:Fall|
---------------+---------+---------+---------+---------+
SEL_P45        |    2.187|         |         |         |
---------------+---------+---------+---------+---------+

Clock to Setup on destination clock SW_DOWN_P48
---------------+---------+---------+---------+---------+
               | Src:Rise| Src:Fall| Src:Rise| Src:Fall|
Source Clock   |Dest:Rise|Dest:Rise|Dest:Fall|Dest:Fall|
---------------+---------+---------+---------+---------+
SW_DOWN_P48    |    5.250|    0.653|         |         |
SW_UP_P47      |    5.250|         |         |         |
---------------+---------+---------+---------+---------+

Clock to Setup on destination clock SW_UP_P47
---------------+---------+---------+---------+---------+
               | Src:Rise| Src:Fall| Src:Rise| Src:Fall|
Source Clock   |Dest:Rise|Dest:Rise|Dest:Fall|Dest:Fall|
---------------+---------+---------+---------+---------+
SW_DOWN_P48    |    5.250|    1.884|         |         |
SW_UP_P47      |    5.250|         |         |         |
---------------+---------+---------+---------+---------+

Pad to Pad
---------------+---------------+---------+
Source Pad     |Destination Pad|  Delay  |
---------------+---------------+---------+
SW_MODE_P55    |LED0_P67       |   18.783|
SW_MODE_P55    |LED1_P74       |   18.585|
SW_MODE_P55    |LED2_P75       |   17.967|
SW_MODE_P55    |LED3_P78       |   17.342|
SW_MODE_P55    |LED4_P79       |   17.477|
SW_MODE_P55    |LED5_P80       |   17.454|
SW_MODE_P55    |LED6_P81       |   17.436|
SW_MODE_P55    |LED7_P82       |   17.009|
SW_MODE_P55    |PWM_Servo0     |   13.419|
SW_MODE_P55    |PWM_Servo1     |   13.764|
SW_MODE_P55    |PWM_Servo2     |   13.930|
SW_MODE_P55    |PWM_Servo3     |   12.811|
SW_MODE_P55    |PWM_Servo4     |   14.265|
SW_MODE_P55    |SEG<0>         |    9.413|
SW_MODE_P55    |SEG<1>         |    9.300|
SW_MODE_P55    |SEG<2>         |    9.191|
SW_MODE_P55    |SEG<3>         |    9.180|
SW_MODE_P55    |SEG<4>         |    9.446|
SW_MODE_P55    |SEG<5>         |    9.633|
SW_MODE_P55    |SEG<6>         |    9.764|
---------------+---------------+---------+


Analysis completed Wed Dec 16 02:57:17 2020 
--------------------------------------------------------------------------------

Trace Settings:
-------------------------
Trace Settings 

Peak Memory Usage: 4588 MB



